// Jest Snapshot v1, https://goo.gl/fbAQLP

exports[`<DropdownSeparator /> should render as expected 1`] = `
<li
  className="dropdown__separator"
/>
`;
