// Jest Snapshot v1, https://goo.gl/fbAQLP

exports[`<Header /> should render as expected 1`] = `
<header
  className="header"
  role="banner"
>
  <Search />
  <div
    className="flex-grow"
  />
  <UserMenu />
</header>
`;
